{
  "total_requests": 300,
  "by_partition": {
    "4": {
      "request_count": 100,
      "successful_requests": 100,
      "failed_requests": 0,
      "outcomes": {
        "new_route_success": 100
      },
      "search_statuses": {
        "partial_candidate_set": 17,
        "candidate_limit_reached": 83
      },
      "full_k_candidate_requests": 83,
      "shortest_reference_matches": 100,
      "shortest_reference_mismatches": 0,
      "local_over_100ms": 0,
      "timing_ms_all_requests_including_failures": {
        "generation_ms": {
          "count": 100,
          "mean": 1.7746879999322118,
          "p50": 1.5761999966343865,
          "p95": 3.451200005656574,
          "p99": 4.302399996959139,
          "max": 4.501899995375425
        },
        "validation_ms": {
          "count": 100,
          "mean": 0.35163100001227576,
          "p50": 0.35119999665766954,
          "p95": 0.6122000049799681,
          "p99": 0.7089999999152496,
          "max": 0.803700000687968
        },
        "commit_ms": {
          "count": 100,
          "mean": 0.19766800010984298,
          "p50": 0.19800000154646114,
          "p95": 0.3586000020732172,
          "p99": 0.4138000003877096,
          "max": 0.4594999991240911
        },
        "local_request_ms": {
          "count": 100,
          "mean": 2.3249949997261865,
          "p50": 2.160399999411311,
          "p95": 4.307600000174716,
          "p99": 5.207399997743778,
          "max": 5.695299994840752
        }
      }
    },
    "8": {
      "request_count": 100,
      "successful_requests": 100,
      "failed_requests": 0,
      "outcomes": {
        "new_route_success": 100
      },
      "search_statuses": {
        "partial_candidate_set": 22,
        "candidate_limit_reached": 78
      },
      "full_k_candidate_requests": 78,
      "shortest_reference_matches": 100,
      "shortest_reference_mismatches": 0,
      "local_over_100ms": 0,
      "timing_ms_all_requests_including_failures": {
        "generation_ms": {
          "count": 100,
          "mean": 1.6658240001561353,
          "p50": 1.6135000041685998,
          "p95": 3.053400003409479,
          "p99": 3.9620000025024638,
          "max": 4.569199998513795
        },
        "validation_ms": {
          "count": 100,
          "mean": 0.36254899991035927,
          "p50": 0.3811999995377846,
          "p95": 0.687400002789218,
          "p99": 0.88339999638265,
          "max": 0.9812999996938743
        },
        "commit_ms": {
          "count": 100,
          "mean": 0.20571599969116505,
          "p50": 0.20180000137770548,
          "p95": 0.3802999999606982,
          "p99": 0.47479999921051785,
          "max": 0.5082999996375293
        },
        "local_request_ms": {
          "count": 100,
          "mean": 2.2350700001697987,
          "p50": 2.1776999928988516,
          "p95": 3.9440999971702695,
          "p99": 5.452999997942243,
          "max": 5.831800001033116
        }
      }
    },
    "16": {
      "request_count": 100,
      "successful_requests": 100,
      "failed_requests": 0,
      "outcomes": {
        "new_route_success": 100
      },
      "search_statuses": {
        "partial_candidate_set": 17,
        "candidate_limit_reached": 83
      },
      "full_k_candidate_requests": 83,
      "shortest_reference_matches": 100,
      "shortest_reference_mismatches": 0,
      "local_over_100ms": 0,
      "timing_ms_all_requests_including_failures": {
        "generation_ms": {
          "count": 100,
          "mean": 2.0581340003263904,
          "p50": 1.6934000013861805,
          "p95": 4.337999998824671,
          "p99": 8.612699995865114,
          "max": 14.380500004335772
        },
        "validation_ms": {
          "count": 100,
          "mean": 0.36484199947153684,
          "p50": 0.38440000207629055,
          "p95": 0.6635000027017668,
          "p99": 0.7598000011057593,
          "max": 0.8600999935879372
        },
        "commit_ms": {
          "count": 100,
          "mean": 0.20309700048528612,
          "p50": 0.20529999892460182,
          "p95": 0.3525000065565109,
          "p99": 0.37030000385129824,
          "max": 0.6103999985498376
        },
        "local_request_ms": {
          "count": 100,
          "mean": 2.6270110003679292,
          "p50": 2.3492000036640093,
          "p95": 4.715799994301051,
          "p99": 9.648100000049453,
          "max": 15.449700003955513
        }
      }
    }
  }
}
