{
  "passed": true,
  "checks": 53,
  "failed_checks": [],
  "validation_gate": {
    "selected": "best_fixed",
    "mean_cost": {
      "best_fixed": 16.14,
      "stump": 16.14
    },
    "validation_groups": 20,
    "tie_prefers": "best_fixed",
    "no_threshold_or_leaf_refit": true
  },
  "matched_selected_cost": 12.795,
  "reference": {
    "reactive_only": {
      "run_count": 12,
      "failed_runs": 0,
      "cost_available_count": 12,
      "mean_cost": 14.358333333333334,
      "all_bags_denominator": 37,
      "completed_count": 37,
      "on_time_count": 20,
      "full_proxy_simulator_calls": 0,
      "full_evaluation_simulator_calls": 12,
      "failed_proxy_rollouts": 0,
      "empty_transfer_commits": 0,
      "bounded_partial_decisions": 0,
      "mean_runtime_ms": 16.66720833297101,
      "max_decision_ms": 0
    },
    "predictive_greedy": {
      "run_count": 12,
      "failed_runs": 0,
      "cost_available_count": 12,
      "mean_cost": 14.325000000000001,
      "all_bags_denominator": 37,
      "completed_count": 37,
      "on_time_count": 19,
      "full_proxy_simulator_calls": 0,
      "full_evaluation_simulator_calls": 12,
      "failed_proxy_rollouts": 0,
      "empty_transfer_commits": 5,
      "bounded_partial_decisions": 0,
      "mean_runtime_ms": 80.0558333327596,
      "max_decision_ms": 1.239299999724608
    },
    "bounded_forecast_reference": {
      "run_count": 12,
      "failed_runs": 0,
      "cost_available_count": 12,
      "mean_cost": 14.325000000000001,
      "all_bags_denominator": 37,
      "completed_count": 37,
      "on_time_count": 19,
      "full_proxy_simulator_calls": 12,
      "full_evaluation_simulator_calls": 12,
      "failed_proxy_rollouts": 0,
      "empty_transfer_commits": 4,
      "bounded_partial_decisions": 0,
      "mean_runtime_ms": 71.47434166715054,
      "max_decision_ms": 65.16329999431036
    }
  }
}
