{
  "passed": true,
  "checks": 54,
  "failed_checks": [],
  "deployment": {
    "analytic": {
      "mean_cost": 15.0525,
      "completed": 153,
      "bag_denominator": 153,
      "on_time": 85
    },
    "baseline": {
      "mean_cost": 15.0525,
      "completed": 153,
      "bag_denominator": 153,
      "on_time": 85
    },
    "forecast_rollout": {
      "mean_cost": 14.3775,
      "completed": 153,
      "bag_denominator": 153,
      "on_time": 89
    },
    "mlp_direct_no_analytic_scores": {
      "mean_cost": 14.5775,
      "completed": 153,
      "bag_denominator": 153,
      "on_time": 88
    },
    "mlp_direct_route_only": {
      "mean_cost": 14.6025,
      "completed": 153,
      "bag_denominator": 153,
      "on_time": 88
    },
    "mlp_direct_seed17": {
      "mean_cost": 14.4775,
      "completed": 153,
      "bag_denominator": 153,
      "on_time": 89
    },
    "mlp_direct_seed29": {
      "mean_cost": 14.6025,
      "completed": 153,
      "bag_denominator": 153,
      "on_time": 88
    },
    "mlp_direct_seed43": {
      "mean_cost": 15.0025,
      "completed": 153,
      "bag_denominator": 153,
      "on_time": 87
    },
    "mlp_residual_seed17": {
      "mean_cost": 14.3775,
      "completed": 153,
      "bag_denominator": 153,
      "on_time": 89
    },
    "mlp_residual_seed29": {
      "mean_cost": 14.4525,
      "completed": 153,
      "bag_denominator": 153,
      "on_time": 89
    },
    "mlp_residual_seed43": {
      "mean_cost": 14.4775,
      "completed": 153,
      "bag_denominator": 153,
      "on_time": 88
    },
    "ridge_direct": {
      "mean_cost": 14.4025,
      "completed": 153,
      "bag_denominator": 153,
      "on_time": 89
    },
    "ridge_residual": {
      "mean_cost": 14.4025,
      "completed": 153,
      "bag_denominator": 153,
      "on_time": 89
    },
    "timed": {
      "mean_cost": 14.4025,
      "completed": 153,
      "bag_denominator": 153,
      "on_time": 89
    }
  }
}
